# Лабораторная работа 2

**Название:** "Разработка драйверов блочных устройств"

**Цель работы:** получить знания и навыки разработки драйверов блочных 
устройств для операционной системы Linux.

## Описание функциональности драйвера

Два первичных и один расширенный разделы с размерами 10 Мбайт, 20 Мбайт и 20 Мбайт соответственно. Расширенный раздел должен быть разделен на два логических с размерами  по 10 Мбайт каждый.
## Инструкция по сборке

Сборка модуля:

```
make
```

Сборка с последующей установкой:

```
make install
```

Отключение модуля:

```
make uninstall
```

Очистка артефактов сборки:

```
make clean
```

## Инструкция пользователя

Для начала проверим, что диск дейтвительно существет, выполнив команду:

```
fdisk -l /dev/mydisk
```

Получаем результат:
```
Disk /dev/mydisk: 50 MiB, 52428800 bytes, 102400 sectors
Units: sectors of 1 * 512 = 512 bytes
Sector size (logical/physical): 512 bytes / 512 bytes
I/O size (minimum/optimal): 512 bytes / 512 bytes
Disklabel type: dos
Disk identifier: 0x36x5756d

Device       Boot  Start    End Sectors Size Id Type
/dev/mydisk1           1  20479   20479  10M 83 Linux
/dev/mydisk2       20480  61438   40959  20M 83 Linux
/dev/mydisk3       61440 102399   40960  20M  5 Extended
/dev/mydisk5       61441  81919   20479  10M 83 Linux
/dev/mydisk6       81921 102399   20479  10M 83 Linux
```
